// Jest Snapshot v1, https://goo.gl/fbAQLP

exports[`Header component tests creates and checks snapshot of Header html 1`] = `
<table
  align="center"
  border="0"
  cellPadding={0}
  cellSpacing={0}
  className="emailHeader"
  style={
    Object {
      "backgroundColor": "#F7F7F7",
    }
  }
  valign="top"
  width="100%"
>
  <tbody>
    <tr>
      <td
        align="center"
      >
        <table
          align="center"
          cellSpacing={0}
          style={
            Object {
              "maxWidth": "584px",
              "padding": "15px",
            }
          }
        >
          <tr
            align="left"
          >
            <td
              width="292px"
            >
              <img
                alt="logo"
                height={47}
                src="https://assets.prolaera.com/prolaeraLogo_fullText.png"
                style={
                  Object {
                    "border": "none",
                    "display": "block",
                    "outline": "none",
                    "textDecoration": "none",
                  }
                }
                width={200}
              />
            </td>
            <td
              style={
                Object {
                  "textAlign": "center",
                }
              }
              width="252px"
            >
              <a
                href="https://app.prolaera.com"
              >
                 
                prolaera.com
                 → 
              </a>
            </td>
          </tr>
        </table>
      </td>
    </tr>
  </tbody>
</table>
`;

exports[`buildHeader image resizing tests resizes image successfully KRS logo 1`] = `
<table
  align="center"
  border="0"
  cellPadding={0}
  cellSpacing={0}
  className="emailHeader"
  style={
    Object {
      "backgroundColor": "#F7F7F7",
    }
  }
  valign="top"
  width="100%"
>
  <tbody>
    <tr>
      <td
        align="center"
      >
        <table
          align="center"
          cellSpacing={0}
          style={
            Object {
              "maxWidth": "584px",
              "padding": "15px",
            }
          }
        >
          <tr
            align="left"
          >
            <td
              width="292px"
            >
              <img
                alt="logo"
                height={47}
                src="http://assets.prolaera.com/KRS-lg.png"
                style={
                  Object {
                    "border": "none",
                    "display": "block",
                    "outline": "none",
                    "textDecoration": "none",
                  }
                }
                width={209.45470692717583}
              />
            </td>
            <td
              style={
                Object {
                  "textAlign": "center",
                }
              }
              width="252px"
            >
              <a
                href="https://app.prolaera.com"
              >
                 
                prolaera.com
                 → 
              </a>
            </td>
          </tr>
        </table>
      </td>
    </tr>
  </tbody>
</table>
`;

exports[`buildHeader image resizing tests resizes image successfully NHHco Logo 1`] = `
<table
  align="center"
  border="0"
  cellPadding={0}
  cellSpacing={0}
  className="emailHeader"
  style={
    Object {
      "backgroundColor": "#F7F7F7",
    }
  }
  valign="top"
  width="100%"
>
  <tbody>
    <tr>
      <td
        align="center"
      >
        <table
          align="center"
          cellSpacing={0}
          style={
            Object {
              "maxWidth": "584px",
              "padding": "15px",
            }
          }
        >
          <tr
            align="left"
          >
            <td
              width="292px"
            >
              <img
                alt="logo"
                height={47}
                src="http://assets.prolaera.com/NHHCo-lg.png"
                style={
                  Object {
                    "border": "none",
                    "display": "block",
                    "outline": "none",
                    "textDecoration": "none",
                  }
                }
                width={113.92391304347827}
              />
            </td>
            <td
              style={
                Object {
                  "textAlign": "center",
                }
              }
              width="252px"
            >
              <a
                href="https://app.prolaera.com"
              >
                 
                prolaera.com
                 → 
              </a>
            </td>
          </tr>
        </table>
      </td>
    </tr>
  </tbody>
</table>
`;

exports[`buildHeader image resizing tests resizes image successfully a-lign logo 1`] = `
<table
  align="center"
  border="0"
  cellPadding={0}
  cellSpacing={0}
  className="emailHeader"
  style={
    Object {
      "backgroundColor": "#F7F7F7",
    }
  }
  valign="top"
  width="100%"
>
  <tbody>
    <tr>
      <td
        align="center"
      >
        <table
          align="center"
          cellSpacing={0}
          style={
            Object {
              "maxWidth": "584px",
              "padding": "15px",
            }
          }
        >
          <tr
            align="left"
          >
            <td
              width="292px"
            >
              <img
                alt="logo"
                height={47}
                src="http://assets.prolaera.com/a-lign-lg.png"
                style={
                  Object {
                    "border": "none",
                    "display": "block",
                    "outline": "none",
                    "textDecoration": "none",
                  }
                }
                width={203.01388888888889}
              />
            </td>
            <td
              style={
                Object {
                  "textAlign": "center",
                }
              }
              width="252px"
            >
              <a
                href="https://app.prolaera.com"
              >
                 
                prolaera.com
                 → 
              </a>
            </td>
          </tr>
        </table>
      </td>
    </tr>
  </tbody>
</table>
`;
